// Jest Snapshot v1, https://goo.gl/fbAQLP

exports[`dateScalar should parse DateTime value 1`] = `2019-01-11T05:00:00.000Z`;

exports[`dateScalar should parse literal 1`] = `2019-01-11T05:00:00.000Z`;

exports[`dateScalar should serialize Date value 1`] = `"Field error: value is an invalid Date"`;

exports[`dateScalar should throw error when parsing DateTime value 1`] = `"Field error: value is an invalid Date"`;

exports[`dateScalar should throw error when parsing literal with bad date 1`] = `"Query error: Invalid date"`;

exports[`dateScalar should throw error when parsing non-string literal 1`] = `"Query error: Can only parse strings to dates but got a: BooleanValue"`;
