// Jest Snapshot v1, https://goo.gl/fbAQLP

exports[`FilmPage should change atom on page load 1`] = `
<div
  className="MuiGrid-root MuiGrid-container MuiGrid-spacing-xs-undefined MuiGrid-direction-xs-column css-1vpwcmr-MuiGrid-root"
>
  <div
    className="MuiGrid-root MuiGrid-item MuiGrid-grid-xs-true css-4jz4pb-MuiGrid-root"
  >
    <span
      className="MuiLinearProgress-root MuiLinearProgress-colorPrimary MuiLinearProgress-indeterminate css-eglki6-MuiLinearProgress-root"
      role="progressbar"
    >
      <span
        className="MuiLinearProgress-bar MuiLinearProgress-barColorPrimary MuiLinearProgress-bar1Indeterminate css-5ir5xx-MuiLinearProgress-bar1"
        style={Object {}}
      />
      <span
        className="MuiLinearProgress-bar MuiLinearProgress-barColorPrimary MuiLinearProgress-bar2Indeterminate css-1r8wrcl-MuiLinearProgress-bar2"
        style={Object {}}
      />
    </span>
  </div>
  <div
    className="MuiGrid-root MuiGrid-item MuiGrid-grid-xs-true css-4jz4pb-MuiGrid-root"
  >
    <img
      src="test-file-stub"
      style={
        Object {
          "width": "100%",
        }
      }
    />
  </div>
</div>
`;
